

var1=5
var2=10
Import start


var1=5
var3=100
Import end

var2 after include = 10
